FILE_TYPE=LIBRARY_PARTS;
PRIMITIVE 'TFM201610ALC_R47MTAA','TFM201610ALC_R47MTAA_Inductors Chip';
  PIN
    '1':
      PIN_NUMBER='(1)';
      NO_LOAD_CHECK=BOTH;
      NO_IO_CHECK=BOTH;
      ALLOW_CONNECT=TRUE;
      PINUSE='UNSPEC';
    '2':
      PIN_NUMBER='(2)';
      NO_LOAD_CHECK=BOTH;
      NO_IO_CHECK=BOTH;
      ALLOW_CONNECT=TRUE;
      PINUSE='UNSPEC';
  END_PIN;
  BODY
    PART_NAME='TFM201610ALC_R47MTAA';
    PHYS_DES_PREFIX='L';
    NO_LOAD_CHECK='TRUE';
    PIN_COUNT='2';
    BODY_NAME='TFM201610ALC_R47MTAA';
    JEDEC_TYPE='INDC2016X80N';
  END_BODY;
END_PRIMITIVE;
END.
